2026-04-09 14:29:41 | ::1 | LOGIN_FAIL | {"email":"admin@info-devis.fr"}
2026-04-10 12:00:14 | ::1 | LOGIN_FAIL | {"email":"admin@info-devis.fr"}
2026-04-10 12:00:29 | ::1 | LOGIN_FAIL | {"email":"admin@infodevis.fr"}
2026-04-10 12:01:01 | ::1 | LOGIN_FAIL | {"email":"admin@infodevis.fr"}
2026-04-10 12:01:08 | ::1 | LOGIN_FAIL | {"email":"admin@info-devis.fr"}
2026-04-10 12:01:18 | ::1 | LOGIN_FAIL | {"email":"admin@info-devis.fr"}
2026-04-10 12:01:35 | ::1 | LOGIN_FAIL | {"email":"admin@info-devis.fr"}
2026-04-10 14:40:35 | ::1 | CSRF_FAIL | {"uri":"\/info-devis\/connexion"}
2026-04-10 16:30:42 | ::1 | LOGIN_FAIL | {"email":"clermont@gmail.fr"}
2026-04-10 16:32:00 | ::1 | LOGIN_FAIL | {"email":"admin@info-devis.fr"}
2026-04-10 16:34:24 | ::1 | LOGIN_FAIL | {"email":"admin@infodevis.fr"}
2026-04-10 16:34:44 | ::1 | LOGIN_FAIL | {"email":"admin@info-devis.fr"}
2026-04-10 16:35:11 | ::1 | LOGIN_FAIL | {"email":"admin@info-devis.fr"}
2026-04-10 16:35:13 | ::1 | LOGIN_FAIL | {"email":"admin@info-devis.fr"}
2026-04-10 16:35:13 | ::1 | LOGIN_FAIL | {"email":"admin@info-devis.fr"}
2026-04-10 16:35:13 | ::1 | LOGIN_FAIL | {"email":"admin@info-devis.fr"}
2026-04-10 16:35:14 | ::1 | LOGIN_FAIL | {"email":"admin@info-devis.fr"}
2026-04-10 16:35:14 | ::1 | LOGIN_FAIL | {"email":"admin@info-devis.fr"}
2026-04-10 16:35:14 | ::1 | LOGIN_FAIL | {"email":"admin@info-devis.fr"}
2026-04-10 16:35:15 | ::1 | LOGIN_FAIL | {"email":"admin@info-devis.fr"}
2026-04-10 16:35:15 | ::1 | LOGIN_FAIL | {"email":"admin@info-devis.fr"}
2026-04-10 16:35:15 | ::1 | LOGIN_FAIL | {"email":"admin@info-devis.fr"}
2026-04-10 16:35:16 | ::1 | LOGIN_FAIL | {"email":"admin@info-devis.fr"}
2026-04-10 16:35:16 | ::1 | LOGIN_FAIL | {"email":"admin@info-devis.fr"}
2026-04-10 16:36:00 | ::1 | LOGIN_FAIL | {"email":"admin@info-devis.fr"}
2026-04-10 16:36:08 | ::1 | LOGIN_FAIL | {"email":"admin@info-devis.fr"}
2026-04-10 16:36:15 | ::1 | LOGIN_FAIL | {"email":"admin@info-devis.fr"}
2026-04-13 09:06:15 | ::1 | LOGIN_FAIL | {"email":"admin@info-devis.fr"}
2026-04-13 09:08:47 | ::1 | LOGIN_FAIL | {"email":"test@test.com"}
2026-04-13 09:09:07 | ::1 | LOGIN_FAIL | {"email":"clermont@gmail.fr"}
2026-04-13 09:12:26 | ::1 | LOGIN_FAIL | {"email":"admin@info-devis.fr"}
2026-04-13 09:17:20 | ::1 | LOGIN_FAIL | {"email":"jonathan@lanationduweb.fr"}
2026-04-13 09:18:43 | ::1 | LOGIN_FAIL | {"email":"clermont@gmail.fr"}
2026-04-13 09:20:31 | ::1 | LOGIN_FAIL | {"email":"artisan@info-devis.fr"}
2026-04-13 09:48:58 | ::1 | LOGIN_FAIL | {"email":"admin@info-devis.fr"}
2026-04-13 10:03:54 | ::1 | LOGIN_FAIL | {"email":"admin@info-devis.fr"}
2026-04-13 10:06:12 | ::1 | LOGIN_FAIL | {"email":"admin@info-devis.fr"}
2026-04-13 10:06:24 | ::1 | LOGIN_FAIL | {"email":"admin@info-devis.fr"}
2026-04-13 10:06:55 | ::1 | LOGIN_FAIL | {"email":"admin@info-devis.fr"}
2026-04-13 10:27:35 | ::1 | LOGIN_FAIL | {"email":"admin@info-devis.fr"}
2026-04-13 10:28:32 | ::1 | LOGIN_FAIL | {"email":"admin@info-devis.fr"}
2026-04-13 10:29:38 | ::1 | LOGIN_FAIL | {"email":"admin@info-devis.fr"}
2026-04-13 10:30:36 | ::1 | LOGIN_FAIL | {"email":"admin@info-devis.fr"}
2026-04-13 11:15:46 | ::1 | LOGIN_FAIL | {"email":"clermont@gmail.fr"}
2026-04-14 10:06:19 | ::1 | LOGIN_FAIL | {"email":"clermont@gmail.fr"}
2026-04-14 12:29:26 | ::1 | LOGIN_FAIL | {"email":"clermont@gmail.fr"}
2026-04-14 15:16:44 | ::1 | LOGIN_FAIL | {"email":"dylo@info-devis.fr"}
2026-04-14 15:16:47 | ::1 | LOGIN_FAIL | {"email":"clermont@gmail.fr"}
2026-04-14 15:40:18 | ::1 | LOGIN_FAIL | {"email":"clermont@gmail.fr"}
